[auth-performance] candidate4 pair=1 bootstrap baseline
[auth-performance] candidate4 pair=1 bootstrap candidate
[auth-performance] candidate4 pair=1 session_hit baseline
[auth-performance] candidate4 pair=1 session_hit candidate
[auth-performance] candidate4 pair=1 auto_ip_hit baseline
[auth-performance] candidate4 pair=1 auto_ip_hit candidate
{
  "output": "/tmp/fn-knock-auth-performance-20260923/accounts1000-c16-v4",
  "comparison": [
    {
      "key": "bootstrap/16/candidate4/cache-0/profile-off/recovery-off/credential-totp/sessions-1000/accounts-1000/grants-100/total-grants-100/renewals-0",
      "recovery_probe": false,
      "complete_pairs": 1,
      "incomplete_pairs": 0,
      "invalid_runs": 0,
      "duplicate_runs": 0,
      "six_valid_pairs": false,
      "throughput_change_median": 1.6694556192199022,
      "p99_change_median": -0.5234375,
      "throughput_change_bootstrap_95": null,
      "p99_change_bootstrap_95": null,
      "paired_throughput_changes": [
        1.6694556192199022
      ],
      "paired_p99_changes": [
        -0.5234375
      ],
      "rss_complete_pairs": 1,
      "peak_rss_change_median": {
        "go": 0.027469135802469236,
        "rust": -0.11855426246570155,
        "combined": -0.04859776233426982
      },
      "paired_peak_rss_changes": {
        "go": [
          0.027469135802469236
        ],
        "rust": [
          -0.11855426246570155
        ],
        "combined": [
          -0.04859776233426982
        ]
      }
    },
    {
      "key": "session_hit/16/candidate4/cache-0/profile-off/recovery-off/credential-totp/sessions-1000/accounts-1000/grants-100/total-grants-100/renewals-0",
      "recovery_probe": false,
      "complete_pairs": 1,
      "incomplete_pairs": 0,
      "invalid_runs": 0,
      "duplicate_runs": 0,
      "six_valid_pairs": false,
      "throughput_change_median": 1.6254179945535299,
      "p99_change_median": -0.6228070175438596,
      "throughput_change_bootstrap_95": null,
      "p99_change_bootstrap_95": null,
      "paired_throughput_changes": [
        1.6254179945535299
      ],
      "paired_p99_changes": [
        -0.6228070175438596
      ],
      "rss_complete_pairs": 1,
      "peak_rss_change_median": {
        "go": 0.04707327056897248,
        "rust": -0.05898530109056421,
        "combined": -0.007973618152286255
      },
      "paired_peak_rss_changes": {
        "go": [
          0.04707327056897248
        ],
        "rust": [
          -0.05898530109056421
        ],
        "combined": [
          -0.007973618152286255
        ]
      }
    },
    {
      "key": "auto_ip_hit/16/candidate4/cache-0/profile-off/recovery-off/credential-totp/sessions-1000/accounts-1000/grants-100/total-grants-100/renewals-0",
      "recovery_probe": false,
      "complete_pairs": 1,
      "incomplete_pairs": 0,
      "invalid_runs": 0,
      "duplicate_runs": 0,
      "six_valid_pairs": false,
      "throughput_change_median": 1.040670630113111,
      "p99_change_median": -0.5439330543933054,
      "throughput_change_bootstrap_95": null,
      "p99_change_bootstrap_95": null,
      "paired_throughput_changes": [
        1.040670630113111
      ],
      "paired_p99_changes": [
        -0.5439330543933054
      ],
      "rss_complete_pairs": 1,
      "peak_rss_change_median": {
        "go": 0.06343165239454485,
        "rust": -0.10056122918391752,
        "combined": -0.024252262888626475
      },
      "paired_peak_rss_changes": {
        "go": [
          0.06343165239454485
        ],
        "rust": [
          -0.10056122918391752
        ],
        "combined": [
          -0.024252262888626475
        ]
      }
    }
  ]
}
[auth-performance] candidate4 pair=1 bootstrap baseline
[auth-performance] candidate4 pair=1 bootstrap candidate
[auth-performance] candidate4 pair=1 challenge baseline
[auth-performance] candidate4 pair=1 challenge candidate
[auth-performance] candidate4 pair=1 session_api baseline
[auth-performance] candidate4 pair=1 session_api candidate
[auth-performance] candidate4 pair=1 session_hit baseline
[auth-performance] candidate4 pair=1 session_hit candidate
[auth-performance] candidate4 pair=1 session_miss baseline
[auth-performance] candidate4 pair=1 session_miss candidate
[auth-performance] candidate4 pair=1 grant_hit baseline
[auth-performance] candidate4 pair=1 grant_hit candidate
[auth-performance] candidate4 pair=1 grant_miss baseline
[auth-performance] candidate4 pair=1 grant_miss candidate
[auth-performance] candidate4 pair=1 grant_renewal baseline
[auth-performance] candidate4 pair=1 grant_renewal candidate
[auth-performance] candidate4 pair=1 auto_ip_hit baseline
[auth-performance] candidate4 pair=1 auto_ip_hit candidate
[auth-performance] candidate4 pair=1 auto_ip_miss baseline
[auth-performance] candidate4 pair=1 auto_ip_miss candidate
{
  "output": "/tmp/fn-knock-auth-performance-20260923/smoke-v4-c1",
  "comparison": [
    {
      "key": "bootstrap/1/candidate4/cache-0/profile-off/recovery-off/credential-totp/sessions-1/accounts-1/grants-1/total-grants-1/renewals-0",
      "recovery_probe": false,
      "complete_pairs": 1,
      "incomplete_pairs": 0,
      "invalid_runs": 0,
      "duplicate_runs": 0,
      "six_valid_pairs": false,
      "throughput_change_median": 0.24930196323711717,
      "p99_change_median": -0.1428571428571429,
      "throughput_change_bootstrap_95": null,
      "p99_change_bootstrap_95": null,
      "paired_throughput_changes": [
        0.24930196323711717
      ],
      "paired_p99_changes": [
        -0.1428571428571429
      ],
      "rss_complete_pairs": 1,
      "peak_rss_change_median": {
        "go": 0.04700522280253372,
        "rust": 0.008371654286051244,
        "combined": 0.02826086956521734
      },
      "paired_peak_rss_changes": {
        "go": [
          0.04700522280253372
        ],
        "rust": [
          0.008371654286051244
        ],
        "combined": [
          0.02826086956521734
        ]
      }
    },
    {
      "key": "challenge/1/candidate4/cache-0/profile-off/recovery-off/credential-totp/sessions-1/accounts-1/grants-1/total-grants-1/renewals-0",
      "recovery_probe": false,
      "complete_pairs": 1,
      "incomplete_pairs": 0,
      "invalid_runs": 0,
      "duplicate_runs": 0,
      "six_valid_pairs": false,
      "throughput_change_median": 0.012550656173834662,
      "p99_change_median": 0,
      "throughput_change_bootstrap_95": null,
      "p99_change_bootstrap_95": null,
      "paired_throughput_changes": [
        0.012550656173834662
      ],
      "paired_p99_changes": [
        0
      ],
      "rss_complete_pairs": 1,
      "peak_rss_change_median": {
        "go": 0.02775693923480871,
        "rust": 0.021454112038140627,
        "combined": 0.02477286834828729
      },
      "paired_peak_rss_changes": {
        "go": [
          0.02775693923480871
        ],
        "rust": [
          0.021454112038140627
        ],
        "combined": [
          0.02477286834828729
        ]
      }
    },
    {
      "key": "session_api/1/candidate4/cache-0/profile-off/recovery-off/credential-totp/sessions-1/accounts-1/grants-1/total-grants-1/renewals-0",
      "recovery_probe": false,
      "complete_pairs": 1,
      "incomplete_pairs": 0,
      "invalid_runs": 0,
      "duplicate_runs": 0,
      "six_valid_pairs": false,
      "throughput_change_median": 0.40995783056001556,
      "p99_change_median": -0.2222222222222222,
      "throughput_change_bootstrap_95": null,
      "p99_change_bootstrap_95": null,
      "paired_throughput_changes": [
        0.40995783056001556
      ],
      "paired_p99_changes": [
        -0.2222222222222222
      ],
      "rss_complete_pairs": 1,
      "peak_rss_change_median": {
        "go": 0.02670821277542834,
        "rust": -0.00965902478761782,
        "combined": 0.008931110984697677
      },
      "paired_peak_rss_changes": {
        "go": [
          0.02670821277542834
        ],
        "rust": [
          -0.00965902478761782
        ],
        "combined": [
          0.008931110984697677
        ]
      }
    },
    {
      "key": "session_hit/1/candidate4/cache-0/profile-off/recovery-off/credential-totp/sessions-1/accounts-1/grants-1/total-grants-1/renewals-0",
      "recovery_probe": false,
      "complete_pairs": 1,
      "incomplete_pairs": 0,
      "invalid_runs": 0,
      "duplicate_runs": 0,
      "six_valid_pairs": false,
      "throughput_change_median": 0.4019688964429118,
      "p99_change_median": -0.1428571428571429,
      "throughput_change_bootstrap_95": null,
      "p99_change_bootstrap_95": null,
      "paired_throughput_changes": [
        0.4019688964429118
      ],
      "paired_p99_changes": [
        -0.1428571428571429
      ],
      "rss_complete_pairs": 1,
      "peak_rss_change_median": {
        "go": 0.05057724024189114,
        "rust": -0.012497052581938228,
        "combined": 0.020139955623826644
      },
      "paired_peak_rss_changes": {
        "go": [
          0.05057724024189114
        ],
        "rust": [
          -0.012497052581938228
        ],
        "combined": [
          0.020139955623826644
        ]
      }
    },
    {
      "key": "session_miss/1/candidate4/cache-0/profile-off/recovery-off/credential-totp/sessions-1/accounts-1/grants-1/total-grants-1/renewals-0",
      "recovery_probe": false,
      "complete_pairs": 1,
      "incomplete_pairs": 0,
      "invalid_runs": 0,
      "duplicate_runs": 0,
      "six_valid_pairs": false,
      "throughput_change_median": 0.017732181081207443,
      "p99_change_median": 0,
      "throughput_change_bootstrap_95": null,
      "p99_change_bootstrap_95": null,
      "paired_throughput_changes": [
        0.017732181081207443
      ],
      "paired_p99_changes": [
        0
      ],
      "rss_complete_pairs": 1,
      "peak_rss_change_median": {
        "go": 0.033038220686676834,
        "rust": 0.018674913762340983,
        "combined": 0.02620408625275905
      },
      "paired_peak_rss_changes": {
        "go": [
          0.033038220686676834
        ],
        "rust": [
          0.018674913762340983
        ],
        "combined": [
          0.02620408625275905
        ]
      }
    },
    {
      "key": "grant_hit/1/candidate4/cache-0/profile-off/recovery-off/credential-totp/sessions-1/accounts-1/grants-1/total-grants-1/renewals-0",
      "recovery_probe": false,
      "complete_pairs": 1,
      "incomplete_pairs": 0,
      "invalid_runs": 0,
      "duplicate_runs": 0,
      "six_valid_pairs": false,
      "throughput_change_median": 0.6119171499016924,
      "p99_change_median": -0.19999999999999996,
      "throughput_change_bootstrap_95": null,
      "p99_change_bootstrap_95": null,
      "paired_throughput_changes": [
        0.6119171499016924
      ],
      "paired_p99_changes": [
        -0.19999999999999996
      ],
      "rss_complete_pairs": 1,
      "peak_rss_change_median": {
        "go": 0.047506702412868584,
        "rust": 0.019031759248245406,
        "combined": 0.03400631626438089
      },
      "paired_peak_rss_changes": {
        "go": [
          0.047506702412868584
        ],
        "rust": [
          0.019031759248245406
        ],
        "combined": [
          0.03400631626438089
        ]
      }
    },
    {
      "key": "grant_miss/1/candidate4/cache-0/profile-off/recovery-off/credential-totp/sessions-1/accounts-1/grants-1/total-grants-1/renewals-0",
      "recovery_probe": false,
      "complete_pairs": 1,
      "incomplete_pairs": 0,
      "invalid_runs": 0,
      "duplicate_runs": 0,
      "six_valid_pairs": false,
      "throughput_change_median": 0.3667992065490251,
      "p99_change_median": -0.19999999999999996,
      "throughput_change_bootstrap_95": null,
      "p99_change_bootstrap_95": null,
      "paired_throughput_changes": [
        0.3667992065490251
      ],
      "paired_p99_changes": [
        -0.19999999999999996
      ],
      "rss_complete_pairs": 1,
      "peak_rss_change_median": {
        "go": 0.0380277151144055,
        "rust": -0.00765128680732674,
        "combined": 0.016057987175913002
      },
      "paired_peak_rss_changes": {
        "go": [
          0.0380277151144055
        ],
        "rust": [
          -0.00765128680732674
        ],
        "combined": [
          0.016057987175913002
        ]
      }
    },
    {
      "key": "grant_renewal/1/candidate4/cache-0/profile-off/recovery-off/credential-totp/sessions-1/accounts-1/grants-1/total-grants-18/renewals-8",
      "recovery_probe": false,
      "complete_pairs": 1,
      "incomplete_pairs": 0,
      "invalid_runs": 0,
      "duplicate_runs": 0,
      "six_valid_pairs": false,
      "throughput_change_median": 0.6717229174567059,
      "p99_change_median": -0.2857142857142857,
      "throughput_change_bootstrap_95": null,
      "p99_change_bootstrap_95": null,
      "paired_throughput_changes": [
        0.6717229174567059
      ],
      "paired_p99_changes": [
        -0.2857142857142857
      ],
      "rss_complete_pairs": 1,
      "peak_rss_change_median": {
        "go": 0.05186020293122895,
        "rust": 0.017106200997861754,
        "combined": 0.03493752892179547
      },
      "paired_peak_rss_changes": {
        "go": [
          0.05186020293122895
        ],
        "rust": [
          0.017106200997861754
        ],
        "combined": [
          0.03493752892179547
        ]
      }
    },
    {
      "key": "auto_ip_hit/1/candidate4/cache-0/profile-off/recovery-off/credential-totp/sessions-1/accounts-1/grants-1/total-grants-1/renewals-0",
      "recovery_probe": false,
      "complete_pairs": 1,
      "incomplete_pairs": 0,
      "invalid_runs": 0,
      "duplicate_runs": 0,
      "six_valid_pairs": false,
      "throughput_change_median": 0.06381444695674743,
      "p99_change_median": 0,
      "throughput_change_bootstrap_95": null,
      "p99_change_bootstrap_95": null,
      "paired_throughput_changes": [
        0.06381444695674743
      ],
      "paired_p99_changes": [
        0
      ],
      "rss_complete_pairs": 1,
      "peak_rss_change_median": {
        "go": 0.027272727272727337,
        "rust": -0.0073260073260073,
        "combined": 0.010834783585022212
      },
      "paired_peak_rss_changes": {
        "go": [
          0.027272727272727337
        ],
        "rust": [
          -0.0073260073260073
        ],
        "combined": [
          0.010834783585022212
        ]
      }
    },
    {
      "key": "auto_ip_miss/1/candidate4/cache-0/profile-off/recovery-off/credential-totp/sessions-1/accounts-1/grants-1/total-grants-1/renewals-0",
      "recovery_probe": false,
      "complete_pairs": 1,
      "incomplete_pairs": 0,
      "invalid_runs": 0,
      "duplicate_runs": 0,
      "six_valid_pairs": false,
      "throughput_change_median": 0.12813214436251497,
      "p99_change_median": 0,
      "throughput_change_bootstrap_95": null,
      "p99_change_bootstrap_95": null,
      "paired_throughput_changes": [
        0.12813214436251497
      ],
      "paired_p99_changes": [
        0
      ],
      "rss_complete_pairs": 1,
      "peak_rss_change_median": {
        "go": 0.040905610849830465,
        "rust": 0.013986013986013957,
        "combined": 0.027986348122866822
      },
      "paired_peak_rss_changes": {
        "go": [
          0.040905610849830465
        ],
        "rust": [
          0.013986013986013957
        ],
        "combined": [
          0.027986348122866822
        ]
      }
    }
  ]
}
[auth-performance] candidate4 pair=1 bootstrap baseline
[auth-performance] candidate4 pair=1 bootstrap candidate
[auth-performance] candidate4 pair=1 challenge baseline
[auth-performance] candidate4 pair=1 challenge candidate
[auth-performance] candidate4 pair=1 session_hit baseline
[auth-performance] candidate4 pair=1 session_hit candidate
[auth-performance] candidate4 pair=1 grant_hit baseline
[auth-performance] candidate4 pair=1 grant_hit candidate
[auth-performance] candidate4 pair=1 auto_ip_hit baseline
[auth-performance] candidate4 pair=1 auto_ip_hit candidate
{
  "output": "/tmp/fn-knock-auth-performance-20260923/smoke-v4-c64",
  "comparison": [
    {
      "key": "bootstrap/64/candidate4/cache-0/profile-off/recovery-off/credential-totp/sessions-100/accounts-100/grants-100/total-grants-100/renewals-0",
      "recovery_probe": false,
      "complete_pairs": 1,
      "incomplete_pairs": 0,
      "invalid_runs": 0,
      "duplicate_runs": 0,
      "six_valid_pairs": false,
      "throughput_change_median": 0.9567826024580683,
      "p99_change_median": -0.4565217391304348,
      "throughput_change_bootstrap_95": null,
      "p99_change_bootstrap_95": null,
      "paired_throughput_changes": [
        0.9567826024580683
      ],
      "paired_p99_changes": [
        -0.4565217391304348
      ],
      "rss_complete_pairs": 1,
      "peak_rss_change_median": {
        "go": 0.020565092989985656,
        "rust": -0.01160164271047226,
        "combined": 0.00559166507359965
      },
      "paired_peak_rss_changes": {
        "go": [
          0.020565092989985656
        ],
        "rust": [
          -0.01160164271047226
        ],
        "combined": [
          0.00559166507359965
        ]
      }
    },
    {
      "key": "challenge/64/candidate4/cache-0/profile-off/recovery-off/credential-totp/sessions-100/accounts-100/grants-100/total-grants-100/renewals-0",
      "recovery_probe": false,
      "complete_pairs": 1,
      "incomplete_pairs": 0,
      "invalid_runs": 0,
      "duplicate_runs": 0,
      "six_valid_pairs": false,
      "throughput_change_median": 0.015258346657436528,
      "p99_change_median": 0,
      "throughput_change_bootstrap_95": null,
      "p99_change_bootstrap_95": null,
      "paired_throughput_changes": [
        0.015258346657436528
      ],
      "paired_p99_changes": [
        0
      ],
      "rss_complete_pairs": 1,
      "peak_rss_change_median": {
        "go": 0.029152483198044754,
        "rust": -0.0008880008880008949,
        "combined": 0.01592885761751206
      },
      "paired_peak_rss_changes": {
        "go": [
          0.029152483198044754
        ],
        "rust": [
          -0.0008880008880008949
        ],
        "combined": [
          0.01592885761751206
        ]
      }
    },
    {
      "key": "session_hit/64/candidate4/cache-0/profile-off/recovery-off/credential-totp/sessions-100/accounts-100/grants-100/total-grants-100/renewals-0",
      "recovery_probe": false,
      "complete_pairs": 1,
      "incomplete_pairs": 0,
      "invalid_runs": 0,
      "duplicate_runs": 0,
      "six_valid_pairs": false,
      "throughput_change_median": 0.7852878937934005,
      "p99_change_median": -0.4014084507042254,
      "throughput_change_bootstrap_95": null,
      "p99_change_bootstrap_95": null,
      "paired_throughput_changes": [
        0.7852878937934005
      ],
      "paired_p99_changes": [
        -0.4014084507042254
      ],
      "rss_complete_pairs": 1,
      "peak_rss_change_median": {
        "go": 0.04688933749311808,
        "rust": -0.04317702580580385,
        "combined": 0.0038835882437551206
      },
      "paired_peak_rss_changes": {
        "go": [
          0.04688933749311808
        ],
        "rust": [
          -0.04317702580580385
        ],
        "combined": [
          0.0038835882437551206
        ]
      }
    },
    {
      "key": "grant_hit/64/candidate4/cache-0/profile-off/recovery-off/credential-totp/sessions-100/accounts-100/grants-100/total-grants-100/renewals-0",
      "recovery_probe": false,
      "complete_pairs": 1,
      "incomplete_pairs": 0,
      "invalid_runs": 0,
      "duplicate_runs": 0,
      "six_valid_pairs": false,
      "throughput_change_median": 2.6239018890084247,
      "p99_change_median": -0.7037037037037037,
      "throughput_change_bootstrap_95": null,
      "p99_change_bootstrap_95": null,
      "paired_throughput_changes": [
        2.6239018890084247
      ],
      "paired_p99_changes": [
        -0.7037037037037037
      ],
      "rss_complete_pairs": 1,
      "peak_rss_change_median": {
        "go": 0.05469755469755477,
        "rust": -0.011810597031097658,
        "combined": 0.024170686825483623
      },
      "paired_peak_rss_changes": {
        "go": [
          0.05469755469755477
        ],
        "rust": [
          -0.011810597031097658
        ],
        "combined": [
          0.024170686825483623
        ]
      }
    },
    {
      "key": "auto_ip_hit/64/candidate4/cache-0/profile-off/recovery-off/credential-totp/sessions-100/accounts-100/grants-100/total-grants-100/renewals-0",
      "recovery_probe": false,
      "complete_pairs": 1,
      "incomplete_pairs": 0,
      "invalid_runs": 0,
      "duplicate_runs": 0,
      "six_valid_pairs": false,
      "throughput_change_median": 0.3749568714982048,
      "p99_change_median": -0.2743362831858407,
      "throughput_change_bootstrap_95": null,
      "p99_change_bootstrap_95": null,
      "paired_throughput_changes": [
        0.3749568714982048
      ],
      "paired_p99_changes": [
        -0.2743362831858407
      ],
      "rss_complete_pairs": 1,
      "peak_rss_change_median": {
        "go": 0.06296497913264387,
        "rust": -0.05517096706524016,
        "combined": 0.008172796263864468
      },
      "paired_peak_rss_changes": {
        "go": [
          0.06296497913264387
        ],
        "rust": [
          -0.05517096706524016
        ],
        "combined": [
          0.008172796263864468
        ]
      }
    }
  ]
}
[auth-performance] candidate4 pair=1 session_api baseline
[auth-performance] candidate4 pair=1 session_api candidate
[auth-performance] candidate4 pair=1 session_hit baseline
[auth-performance] candidate4 pair=1 session_hit candidate
[auth-performance] candidate4 pair=1 auto_ip_hit baseline
[auth-performance] candidate4 pair=1 auto_ip_hit candidate
[auth-performance] candidate4 pair=1 auto_ip_miss baseline
[auth-performance] candidate4 pair=1 auto_ip_miss candidate
{
  "output": "/tmp/fn-knock-auth-performance-20260923/password-v4-c16",
  "comparison": [
    {
      "key": "session_api/16/candidate4/cache-0/profile-off/recovery-off/credential-password/sessions-1000/accounts-1000/grants-100/total-grants-100/renewals-0",
      "recovery_probe": false,
      "complete_pairs": 1,
      "incomplete_pairs": 0,
      "invalid_runs": 0,
      "duplicate_runs": 0,
      "six_valid_pairs": false,
      "throughput_change_median": 2.401632106473196,
      "p99_change_median": -0.6909871244635193,
      "throughput_change_bootstrap_95": null,
      "p99_change_bootstrap_95": null,
      "paired_throughput_changes": [
        2.401632106473196
      ],
      "paired_p99_changes": [
        -0.6909871244635193
      ],
      "rss_complete_pairs": 1,
      "peak_rss_change_median": {
        "go": 0.046509175279476844,
        "rust": -0.030962343096234357,
        "combined": 0.005336759401096902
      },
      "paired_peak_rss_changes": {
        "go": [
          0.046509175279476844
        ],
        "rust": [
          -0.030962343096234357
        ],
        "combined": [
          0.005336759401096902
        ]
      }
    },
    {
      "key": "session_hit/16/candidate4/cache-0/profile-off/recovery-off/credential-password/sessions-1000/accounts-1000/grants-100/total-grants-100/renewals-0",
      "recovery_probe": false,
      "complete_pairs": 1,
      "incomplete_pairs": 0,
      "invalid_runs": 0,
      "duplicate_runs": 0,
      "six_valid_pairs": false,
      "throughput_change_median": 1.809228799140917,
      "p99_change_median": -0.6644295302013423,
      "throughput_change_bootstrap_95": null,
      "p99_change_bootstrap_95": null,
      "paired_throughput_changes": [
        1.809228799140917
      ],
      "paired_p99_changes": [
        -0.6644295302013423
      ],
      "rss_complete_pairs": 1,
      "peak_rss_change_median": {
        "go": 0.05593893768297775,
        "rust": -0.07605088495575218,
        "combined": -0.014207329022143833
      },
      "paired_peak_rss_changes": {
        "go": [
          0.05593893768297775
        ],
        "rust": [
          -0.07605088495575218
        ],
        "combined": [
          -0.014207329022143833
        ]
      }
    },
    {
      "key": "auto_ip_hit/16/candidate4/cache-0/profile-off/recovery-off/credential-password/sessions-1000/accounts-1000/grants-100/total-grants-100/renewals-0",
      "recovery_probe": false,
      "complete_pairs": 1,
      "incomplete_pairs": 0,
      "invalid_runs": 0,
      "duplicate_runs": 0,
      "six_valid_pairs": false,
      "throughput_change_median": 1.1059552076948038,
      "p99_change_median": -0.5077519379844961,
      "throughput_change_bootstrap_95": null,
      "p99_change_bootstrap_95": null,
      "paired_throughput_changes": [
        1.1059552076948038
      ],
      "paired_p99_changes": [
        -0.5077519379844961
      ],
      "rss_complete_pairs": 1,
      "peak_rss_change_median": {
        "go": 0.05851906623006231,
        "rust": -0.09998160412067691,
        "combined": -0.026205811495157105
      },
      "paired_peak_rss_changes": {
        "go": [
          0.05851906623006231
        ],
        "rust": [
          -0.09998160412067691
        ],
        "combined": [
          -0.026205811495157105
        ]
      }
    },
    {
      "key": "auto_ip_miss/16/candidate4/cache-0/profile-off/recovery-off/credential-password/sessions-1000/accounts-1000/grants-100/total-grants-100/renewals-0",
      "recovery_probe": false,
      "complete_pairs": 1,
      "incomplete_pairs": 0,
      "invalid_runs": 0,
      "duplicate_runs": 0,
      "six_valid_pairs": false,
      "throughput_change_median": 0.4816130366140934,
      "p99_change_median": -0.5102040816326531,
      "throughput_change_bootstrap_95": null,
      "p99_change_bootstrap_95": null,
      "paired_throughput_changes": [
        0.4816130366140934
      ],
      "paired_p99_changes": [
        -0.5102040816326531
      ],
      "rss_complete_pairs": 1,
      "peak_rss_change_median": {
        "go": 0.06768207658479031,
        "rust": -0.09481384225827627,
        "combined": -0.019013309316521565
      },
      "paired_peak_rss_changes": {
        "go": [
          0.06768207658479031
        ],
        "rust": [
          -0.09481384225827627
        ],
        "combined": [
          -0.019013309316521565
        ]
      }
    }
  ]
}
[auth-performance] candidate4 pair=1 bootstrap baseline
[auth-performance] candidate4 pair=1 bootstrap candidate
[auth-performance] candidate4 pair=1 session_api baseline
[auth-performance] candidate4 pair=1 session_api candidate
[auth-performance] candidate4 pair=1 session_hit baseline
[auth-performance] candidate4 pair=1 session_hit candidate
[auth-performance] candidate4 pair=1 grant_hit baseline
[auth-performance] candidate4 pair=1 grant_hit candidate
[auth-performance] candidate4 pair=1 auto_ip_hit baseline
[auth-performance] candidate4 pair=1 auto_ip_hit candidate
[auth-performance] candidate4 pair=1 auto_ip_miss baseline
[auth-performance] candidate4 pair=1 auto_ip_miss candidate
[auth-performance] candidate4 pair=1 challenge baseline
